// Jest Snapshot v1, https://goo.gl/fbAQLP

exports[`AccountLinking 1`] = `
{
  "Parameters": {
    "BootstrapVersion": {
      "Default": "/cdk-bootstrap/hnb659fds/version",
      "Description": "Version of the CDK Bootstrap resources in this environment, automatically retrieved from SSM Parameter Store. [cdk:skip]",
      "Type": "AWS::SSM::Parameter::Value<String>",
    },
  },
  "Resources": {
    "AccountLinkingC99A8611": {
      "DeletionPolicy": "Delete",
      "DependsOn": [
        "AccountLinkingProviderRolePolicy866FE269",
      ],
      "Properties": {
        "ServiceToken": {
          "Fn::GetAtt": [
            "CustomASKCustomResourceProviderHandlerF5F0D5CE",
            "Arn",
          ],
        },
        "authenticationConfigurationSecret": {
          "Fn::Join": [
            "",
            [
              "arn:",
              {
                "Ref": "AWS::Partition",
              },
              ":secretsmanager:",
              {
                "Ref": "AWS::Region",
              },
              ":",
              {
                "Ref": "AWS::AccountId",
              },
              ":secret:/Skill/Credentials",
            ],
          ],
        },
        "delete": "{"action":"deleteAccountLinkingInfoV1","parameters":["My-Skill-Id","development"]}",
        "update": "{"action":"updateAccountLinkingInfoV1","parameters":["My-Skill-Id","development",{"accountLinkingRequest":{"authorizationUrl":"https://example.com/auth/authorize","accessTokenUrl":"https://example.com/auth/token","accessTokenScheme":"REQUEST_BODY_CREDENTIALS","clientId":"client-id","clientSecret":"client-secret","scopes":["smart_home"],"type":"AUTH_CODE"}}]}",
      },
      "Type": "Custom::ASK",
      "UpdateReplacePolicy": "Delete",
    },
    "AccountLinkingProviderRolePolicy866FE269": {
      "Properties": {
        "PolicyDocument": {
          "Statement": [
            {
              "Action": [
                "secretsmanager:GetSecretValue",
                "secretsmanager:DescribeSecret",
              ],
              "Effect": "Allow",
              "Resource": {
                "Fn::Join": [
                  "",
                  [
                    "arn:",
                    {
                      "Ref": "AWS::Partition",
                    },
                    ":secretsmanager:",
                    {
                      "Ref": "AWS::Region",
                    },
                    ":",
                    {
                      "Ref": "AWS::AccountId",
                    },
                    ":secret:/Skill/Credentials",
                  ],
                ],
              },
            },
          ],
          "Version": "2012-10-17",
        },
        "PolicyName": "AccountLinkingProviderRolePolicy866FE269",
        "Roles": [
          {
            "Fn::Select": [
              1,
              {
                "Fn::Split": [
                  "/",
                  {
                    "Fn::Select": [
                      5,
                      {
                        "Fn::Split": [
                          ":",
                          {
                            "Fn::GetAtt": [
                              "CustomASKCustomResourceProviderRoleB79D76EE",
                              "Arn",
                            ],
                          },
                        ],
                      },
                    ],
                  },
                ],
              },
            ],
          },
        ],
      },
      "Type": "AWS::IAM::Policy",
    },
    "CustomASKCustomResourceProviderHandlerF5F0D5CE": {
      "DependsOn": [
        "CustomASKCustomResourceProviderRoleB79D76EE",
      ],
      "Properties": {
        "Code": {
          "S3Bucket": {
            "Fn::Sub": "cdk-hnb659fds-assets-\${AWS::AccountId}-\${AWS::Region}",
          },
          "S3Key": "13325ce6b32eb5ce62b1c0b20fa16cf263f67b6909b46ee9dea609b97478f866.zip",
        },
        "Handler": "__entrypoint__.handler",
        "MemorySize": 128,
        "Role": {
          "Fn::GetAtt": [
            "CustomASKCustomResourceProviderRoleB79D76EE",
            "Arn",
          ],
        },
        "Runtime": "nodejs18.x",
        "Timeout": 900,
      },
      "Type": "AWS::Lambda::Function",
    },
    "CustomASKCustomResourceProviderRoleB79D76EE": {
      "Properties": {
        "AssumeRolePolicyDocument": {
          "Statement": [
            {
              "Action": "sts:AssumeRole",
              "Effect": "Allow",
              "Principal": {
                "Service": "lambda.amazonaws.com",
              },
            },
          ],
          "Version": "2012-10-17",
        },
        "ManagedPolicyArns": [
          {
            "Fn::Sub": "arn:\${AWS::Partition}:iam::aws:policy/service-role/AWSLambdaBasicExecutionRole",
          },
        ],
      },
      "Type": "AWS::IAM::Role",
    },
  },
  "Rules": {
    "CheckBootstrapVersion": {
      "Assertions": [
        {
          "Assert": {
            "Fn::Not": [
              {
                "Fn::Contains": [
                  [
                    "1",
                    "2",
                    "3",
                    "4",
                    "5",
                  ],
                  {
                    "Ref": "BootstrapVersion",
                  },
                ],
              },
            ],
          },
          "AssertDescription": "CDK bootstrap stack version 6 required. Please run 'cdk bootstrap' with a recent version of the CDK CLI.",
        },
      ],
    },
  },
}
`;
