// Jest Snapshot v1, https://goo.gl/fbAQLP

exports[`SkillEndpointPermission 1`] = `
{
  "Parameters": {
    "BootstrapVersion": {
      "Default": "/cdk-bootstrap/hnb659fds/version",
      "Description": "Version of the CDK Bootstrap resources in this environment, automatically retrieved from SSM Parameter Store. [cdk:skip]",
      "Type": "AWS::SSM::Parameter::Value<String>",
    },
  },
  "Resources": {
    "AWS679f53fac002430cb0da5b7982bd22872D164C4C": {
      "DependsOn": [
        "AWS679f53fac002430cb0da5b7982bd2287ServiceRoleC1EA0FF2",
      ],
      "Properties": {
        "Code": {
          "S3Bucket": {
            "Fn::Sub": "cdk-hnb659fds-assets-\${AWS::AccountId}-\${AWS::Region}",
          },
          "S3Key": "17c16a3854838fd3ff4bda08146122a6701f33b9c86ae17f415ad0dc47a97544.zip",
        },
        "Handler": "index.handler",
        "Role": {
          "Fn::GetAtt": [
            "AWS679f53fac002430cb0da5b7982bd2287ServiceRoleC1EA0FF2",
            "Arn",
          ],
        },
        "Runtime": "nodejs18.x",
        "Timeout": 120,
      },
      "Type": "AWS::Lambda::Function",
    },
    "AWS679f53fac002430cb0da5b7982bd2287ServiceRoleC1EA0FF2": {
      "Properties": {
        "AssumeRolePolicyDocument": {
          "Statement": [
            {
              "Action": "sts:AssumeRole",
              "Effect": "Allow",
              "Principal": {
                "Service": "lambda.amazonaws.com",
              },
            },
          ],
          "Version": "2012-10-17",
        },
        "ManagedPolicyArns": [
          {
            "Fn::Join": [
              "",
              [
                "arn:",
                {
                  "Ref": "AWS::Partition",
                },
                ":iam::aws:policy/service-role/AWSLambdaBasicExecutionRole",
              ],
            ],
          },
        ],
      },
      "Type": "AWS::IAM::Role",
    },
    "EndpointPermissionInitialSkillPermissionDF8BA4EA": {
      "Properties": {
        "Action": "lambda:InvokeFunction",
        "FunctionName": {
          "Fn::Join": [
            "",
            [
              "arn:",
              {
                "Ref": "AWS::Partition",
              },
              ":lambda:",
              {
                "Ref": "AWS::Region",
              },
              ":",
              {
                "Ref": "AWS::AccountId",
              },
              ":function:MyEndpointFunction",
            ],
          ],
        },
        "Principal": "alexa-appkit.amazon.com",
      },
      "Type": "AWS::Lambda::Permission",
    },
    "SkillPermissionAddPermission916130FF": {
      "DeletionPolicy": "Delete",
      "DependsOn": [
        "EndpointPermissionInitialSkillPermissionDF8BA4EA",
        "SkillPermissionAddPermissionCustomResourcePolicy40191D92",
      ],
      "Properties": {
        "Create": {
          "Fn::Join": [
            "",
            [
              "{"service":"Lambda","action":"addPermission","parameters":{"FunctionName":"arn:",
              {
                "Ref": "AWS::Partition",
              },
              ":lambda:",
              {
                "Ref": "AWS::Region",
              },
              ":",
              {
                "Ref": "AWS::AccountId",
              },
              ":function:MyEndpointFunction","StatementId":"",
              {
                "Fn::GetAtt": [
                  "EndpointPermissionInitialSkillPermissionDF8BA4EA",
                  "Id",
                ],
              },
              "","Principal":"alexa-connectedhome.amazon.com","Action":"lambda:InvokeFunction","EventSourceToken":"My-Skill-Id"},"physicalResourceId":{"id":"AddPermission-c8f28818e7e4b88e6f3f3de6c0841e1cf214663817-My-Skill-Id"}}",
            ],
          ],
        },
        "Delete": {
          "Fn::Join": [
            "",
            [
              "{"service":"Lambda","action":"removePermission","parameters":{"FunctionName":"arn:",
              {
                "Ref": "AWS::Partition",
              },
              ":lambda:",
              {
                "Ref": "AWS::Region",
              },
              ":",
              {
                "Ref": "AWS::AccountId",
              },
              ":function:MyEndpointFunction","StatementId":"",
              {
                "Fn::GetAtt": [
                  "EndpointPermissionInitialSkillPermissionDF8BA4EA",
                  "Id",
                ],
              },
              ""},"physicalResourceId":{"id":"RemovePermission-c8f28818e7e4b88e6f3f3de6c0841e1cf214663817-My-Skill-Id"}}",
            ],
          ],
        },
        "InstallLatestAwsSdk": false,
        "ServiceToken": {
          "Fn::GetAtt": [
            "AWS679f53fac002430cb0da5b7982bd22872D164C4C",
            "Arn",
          ],
        },
      },
      "Type": "Custom::AWS",
      "UpdateReplacePolicy": "Delete",
    },
    "SkillPermissionAddPermissionCustomResourcePolicy40191D92": {
      "DependsOn": [
        "EndpointPermissionInitialSkillPermissionDF8BA4EA",
      ],
      "Properties": {
        "PolicyDocument": {
          "Statement": [
            {
              "Action": [
                "lambda:RemovePermission",
                "lambda:AddPermission",
              ],
              "Effect": "Allow",
              "Resource": {
                "Fn::Join": [
                  "",
                  [
                    "arn:",
                    {
                      "Ref": "AWS::Partition",
                    },
                    ":lambda:",
                    {
                      "Ref": "AWS::Region",
                    },
                    ":",
                    {
                      "Ref": "AWS::AccountId",
                    },
                    ":function:MyEndpointFunction",
                  ],
                ],
              },
            },
          ],
          "Version": "2012-10-17",
        },
        "PolicyName": "SkillPermissionAddPermissionCustomResourcePolicy40191D92",
        "Roles": [
          {
            "Ref": "AWS679f53fac002430cb0da5b7982bd2287ServiceRoleC1EA0FF2",
          },
        ],
      },
      "Type": "AWS::IAM::Policy",
    },
    "SkillPermissionRemovePermission83A11C0A": {
      "DeletionPolicy": "Delete",
      "DependsOn": [
        "EndpointPermissionInitialSkillPermissionDF8BA4EA",
        "SkillPermissionRemovePermissionCustomResourcePolicyE0EF14B7",
      ],
      "Properties": {
        "Create": {
          "Fn::Join": [
            "",
            [
              "{"service":"Lambda","action":"removePermission","parameters":{"FunctionName":"arn:",
              {
                "Ref": "AWS::Partition",
              },
              ":lambda:",
              {
                "Ref": "AWS::Region",
              },
              ":",
              {
                "Ref": "AWS::AccountId",
              },
              ":function:MyEndpointFunction","StatementId":"",
              {
                "Fn::GetAtt": [
                  "EndpointPermissionInitialSkillPermissionDF8BA4EA",
                  "Id",
                ],
              },
              ""},"physicalResourceId":{"id":"RemovePermission-c8f28818e7e4b88e6f3f3de6c0841e1cf214663817-My-Skill-Id"}}",
            ],
          ],
        },
        "Delete": {
          "Fn::Join": [
            "",
            [
              "{"service":"Lambda","action":"addPermission","parameters":{"FunctionName":"arn:",
              {
                "Ref": "AWS::Partition",
              },
              ":lambda:",
              {
                "Ref": "AWS::Region",
              },
              ":",
              {
                "Ref": "AWS::AccountId",
              },
              ":function:MyEndpointFunction","StatementId":"",
              {
                "Fn::GetAtt": [
                  "EndpointPermissionInitialSkillPermissionDF8BA4EA",
                  "Id",
                ],
              },
              "","Principal":"alexa-appkit.amazon.com","Action":"lambda:InvokeFunction"},"physicalResourceId":{"id":"AddPermission-c8f28818e7e4b88e6f3f3de6c0841e1cf214663817-no-skill"}}",
            ],
          ],
        },
        "InstallLatestAwsSdk": false,
        "ServiceToken": {
          "Fn::GetAtt": [
            "AWS679f53fac002430cb0da5b7982bd22872D164C4C",
            "Arn",
          ],
        },
      },
      "Type": "Custom::AWS",
      "UpdateReplacePolicy": "Delete",
    },
    "SkillPermissionRemovePermissionCustomResourcePolicyE0EF14B7": {
      "DependsOn": [
        "EndpointPermissionInitialSkillPermissionDF8BA4EA",
      ],
      "Properties": {
        "PolicyDocument": {
          "Statement": [
            {
              "Action": [
                "lambda:RemovePermission",
                "lambda:AddPermission",
              ],
              "Effect": "Allow",
              "Resource": {
                "Fn::Join": [
                  "",
                  [
                    "arn:",
                    {
                      "Ref": "AWS::Partition",
                    },
                    ":lambda:",
                    {
                      "Ref": "AWS::Region",
                    },
                    ":",
                    {
                      "Ref": "AWS::AccountId",
                    },
                    ":function:MyEndpointFunction",
                  ],
                ],
              },
            },
          ],
          "Version": "2012-10-17",
        },
        "PolicyName": "SkillPermissionRemovePermissionCustomResourcePolicyE0EF14B7",
        "Roles": [
          {
            "Ref": "AWS679f53fac002430cb0da5b7982bd2287ServiceRoleC1EA0FF2",
          },
        ],
      },
      "Type": "AWS::IAM::Policy",
    },
  },
  "Rules": {
    "CheckBootstrapVersion": {
      "Assertions": [
        {
          "Assert": {
            "Fn::Not": [
              {
                "Fn::Contains": [
                  [
                    "1",
                    "2",
                    "3",
                    "4",
                    "5",
                  ],
                  {
                    "Ref": "BootstrapVersion",
                  },
                ],
              },
            ],
          },
          "AssertDescription": "CDK bootstrap stack version 6 required. Please run 'cdk bootstrap' with a recent version of the CDK CLI.",
        },
      ],
    },
  },
}
`;
