// Jest Snapshot v1, https://goo.gl/fbAQLP

exports[`AskCustomResource 1`] = `
{
  "Parameters": {
    "BootstrapVersion": {
      "Default": "/cdk-bootstrap/hnb659fds/version",
      "Description": "Version of the CDK Bootstrap resources in this environment, automatically retrieved from SSM Parameter Store. [cdk:skip]",
      "Type": "AWS::SSM::Parameter::Value<String>",
    },
  },
  "Resources": {
    "AccountLinkingC99A8611": {
      "DeletionPolicy": "Delete",
      "Properties": {
        "Authentication": {
          "Fn::Join": [
            "",
            [
              "{{resolve:secretsmanager:arn:",
              {
                "Ref": "AWS::Partition",
              },
              ":secretsmanager:",
              {
                "Ref": "AWS::Region",
              },
              ":",
              {
                "Ref": "AWS::AccountId",
              },
              ":secret:/Skill/Credentials:SecretString:::}}",
            ],
          ],
        },
        "Delete": "{"action":"deleteAccountLinkingInfoV1","parameters":["My-Skill-Id","development"]}",
        "ServiceToken": {
          "Fn::GetAtt": [
            "CustomASKCustomResourceProviderHandlerF5F0D5CE",
            "Arn",
          ],
        },
        "Update": "{"action":"updateAccountLinkingInfoV1","parameters":["My-Skill-Id","development",{"accountLinkingRequest":{"my":1,"awesome":2,"props":3}}]}",
      },
      "Type": "Custom::ASK",
      "UpdateReplacePolicy": "Delete",
    },
    "CustomASKCustomResourceProviderHandlerF5F0D5CE": {
      "DependsOn": [
        "CustomASKCustomResourceProviderRoleB79D76EE",
      ],
      "Properties": {
        "Code": {
          "S3Bucket": {
            "Fn::Sub": "cdk-hnb659fds-assets-\${AWS::AccountId}-\${AWS::Region}",
          },
          "S3Key": "b0abcd4386b0c765d5354f12fb62cd61d7ca5a1bce853bac1869d7c79aa33744.zip",
        },
        "Handler": "__entrypoint__.handler",
        "MemorySize": 128,
        "Role": {
          "Fn::GetAtt": [
            "CustomASKCustomResourceProviderRoleB79D76EE",
            "Arn",
          ],
        },
        "Runtime": "nodejs18.x",
        "Timeout": 900,
      },
      "Type": "AWS::Lambda::Function",
    },
    "CustomASKCustomResourceProviderRoleB79D76EE": {
      "Properties": {
        "AssumeRolePolicyDocument": {
          "Statement": [
            {
              "Action": "sts:AssumeRole",
              "Effect": "Allow",
              "Principal": {
                "Service": "lambda.amazonaws.com",
              },
            },
          ],
          "Version": "2012-10-17",
        },
        "ManagedPolicyArns": [
          {
            "Fn::Sub": "arn:\${AWS::Partition}:iam::aws:policy/service-role/AWSLambdaBasicExecutionRole",
          },
        ],
      },
      "Type": "AWS::IAM::Role",
    },
  },
  "Rules": {
    "CheckBootstrapVersion": {
      "Assertions": [
        {
          "Assert": {
            "Fn::Not": [
              {
                "Fn::Contains": [
                  [
                    "1",
                    "2",
                    "3",
                    "4",
                    "5",
                  ],
                  {
                    "Ref": "BootstrapVersion",
                  },
                ],
              },
            ],
          },
          "AssertDescription": "CDK bootstrap stack version 6 required. Please run 'cdk bootstrap' with a recent version of the CDK CLI.",
        },
      ],
    },
  },
}
`;
